// Jest Snapshot v1, https://goo.gl/fbAQLP

exports[`<TextInput/> should match with snappshot 1`] = `
<input
  class="text-input"
  placeholder="Escreva sua pesquisa:"
  type="search"
  value="teste"
/>
`;
